Java HotSpot(TM) 64-Bit Server VM (25.121-b13) for windows-amd64 JRE (1.8.0_121-b13), built on Dec 12 2016 18:21:36 by "java_re" with MS VC++ 10.0 (VS2010)
Memory: 4k page, physical 16651208k(10227688k free), swap 17699784k(8328308k free)
CommandLine flags: -XX:InitialHeapSize=536870912 -XX:MaxHeapSize=536870912 -XX:MaxNewSize=178958336 -XX:MaxTenuringThreshold=6 -XX:NewSize=178958336 -XX:OldPLABSize=16 -XX:OldSize=357912576 -XX:+PrintGC -XX:+PrintGCDateStamps -XX:+PrintGCDetails -XX:+PrintGCTimeStamps -XX:+UseCompressedClassPointers -XX:+UseCompressedOops -XX:+UseConcMarkSweepGC -XX:-UseLargePagesIndividualAllocation -XX:+UseParNewGC 
2021-01-23T16:17:33.530+0800: 0.142: [GC (Allocation Failure) 2021-01-23T16:17:33.530+0800: 0.143: [ParNew: 139776K->17469K(157248K), 0.0074848 secs] 139776K->46800K(506816K), 0.0076632 secs] [Times: user=0.00 sys=0.00, real=0.01 secs] 
2021-01-23T16:17:33.559+0800: 0.171: [GC (Allocation Failure) 2021-01-23T16:17:33.559+0800: 0.171: [ParNew: 156995K->17472K(157248K), 0.0090068 secs] 186326K->93126K(506816K), 0.0090722 secs] [Times: user=0.00 sys=0.00, real=0.01 secs] 
2021-01-23T16:17:33.582+0800: 0.194: [GC (Allocation Failure) 2021-01-23T16:17:33.582+0800: 0.194: [ParNew: 157248K->17471K(157248K), 0.0198686 secs] 232902K->135050K(506816K), 0.0199306 secs] [Times: user=0.30 sys=0.02, real=0.02 secs] 
2021-01-23T16:17:33.618+0800: 0.230: [GC (Allocation Failure) 2021-01-23T16:17:33.618+0800: 0.230: [ParNew: 157247K->17472K(157248K), 0.0233229 secs] 274826K->181429K(506816K), 0.0233854 secs] [Times: user=0.16 sys=0.00, real=0.02 secs] 
2021-01-23T16:17:33.656+0800: 0.269: [GC (Allocation Failure) 2021-01-23T16:17:33.656+0800: 0.269: [ParNew: 157248K->17471K(157248K), 0.0240549 secs] 321205K->230301K(506816K), 0.0241134 secs] [Times: user=0.30 sys=0.01, real=0.02 secs] 
2021-01-23T16:17:33.681+0800: 0.294: [GC (CMS Initial Mark) [1 CMS-initial-mark: 212830K(349568K)] 233801K(506816K), 0.0004259 secs] [Times: user=0.00 sys=0.00, real=0.00 secs] 
2021-01-23T16:17:33.681+0800: 0.294: [CMS-concurrent-mark-start]
2021-01-23T16:17:33.682+0800: 0.295: [CMS-concurrent-mark: 0.001/0.001 secs] [Times: user=0.00 sys=0.00, real=0.00 secs] 
2021-01-23T16:17:33.682+0800: 0.295: [CMS-concurrent-preclean-start]
2021-01-23T16:17:33.683+0800: 0.296: [CMS-concurrent-preclean: 0.001/0.001 secs] [Times: user=0.00 sys=0.00, real=0.00 secs] 
2021-01-23T16:17:33.683+0800: 0.296: [CMS-concurrent-abortable-preclean-start]
2021-01-23T16:17:33.697+0800: 0.310: [GC (Allocation Failure) 2021-01-23T16:17:33.697+0800: 0.310: [ParNew: 157000K->17471K(157248K), 0.0214590 secs] 369831K->272594K(506816K), 0.0215162 secs] [Times: user=0.16 sys=0.00, real=0.02 secs] 
2021-01-23T16:17:33.736+0800: 0.349: [GC (Allocation Failure) 2021-01-23T16:17:33.736+0800: 0.349: [ParNew: 157247K->17470K(157248K), 0.0213921 secs] 412370K->314213K(506816K), 0.0214977 secs] [Times: user=0.28 sys=0.03, real=0.02 secs] 
2021-01-23T16:17:33.775+0800: 0.388: [GC (Allocation Failure) 2021-01-23T16:17:33.775+0800: 0.388: [ParNew: 157002K->17471K(157248K), 0.0214668 secs] 453746K->356791K(506816K), 0.0215274 secs] [Times: user=0.13 sys=0.02, real=0.02 secs] 
2021-01-23T16:17:33.797+0800: 0.410: [CMS-concurrent-abortable-preclean: 0.003/0.114 secs] [Times: user=0.61 sys=0.05, real=0.11 secs] 
2021-01-23T16:17:33.797+0800: 0.410: [GC (CMS Final Remark) [YG occupancy: 20798 K (157248 K)]2021-01-23T16:17:33.797+0800: 0.410: [Rescan (parallel) , 0.0003813 secs]2021-01-23T16:17:33.797+0800: 0.410: [weak refs processing, 0.0000108 secs]2021-01-23T16:17:33.798+0800: 0.410: [class unloading, 0.0002165 secs]2021-01-23T16:17:33.798+0800: 0.410: [scrub symbol table, 0.0005224 secs]2021-01-23T16:17:33.798+0800: 0.411: [scrub string table, 0.0000959 secs][1 CMS-remark: 339320K(349568K)] 360118K(506816K), 0.0012936 secs] [Times: user=0.00 sys=0.00, real=0.00 secs] 
2021-01-23T16:17:33.798+0800: 0.411: [CMS-concurrent-sweep-start]
2021-01-23T16:17:33.799+0800: 0.412: [CMS-concurrent-sweep: 0.001/0.001 secs] [Times: user=0.00 sys=0.00, real=0.00 secs] 
2021-01-23T16:17:33.799+0800: 0.412: [CMS-concurrent-reset-start]
2021-01-23T16:17:33.800+0800: 0.413: [CMS-concurrent-reset: 0.001/0.001 secs] [Times: user=0.00 sys=0.00, real=0.00 secs] 
2021-01-23T16:17:33.816+0800: 0.428: [GC (Allocation Failure) 2021-01-23T16:17:33.816+0800: 0.428: [ParNew: 157247K->17471K(157248K), 0.0092078 secs] 449692K->357930K(506816K), 0.0092832 secs] [Times: user=0.14 sys=0.00, real=0.01 secs] 
2021-01-23T16:17:33.825+0800: 0.438: [GC (CMS Initial Mark) [1 CMS-initial-mark: 340458K(349568K)] 360852K(506816K), 0.0003333 secs] [Times: user=0.00 sys=0.00, real=0.00 secs] 
2021-01-23T16:17:33.825+0800: 0.438: [CMS-concurrent-mark-start]
2021-01-23T16:17:33.827+0800: 0.439: [CMS-concurrent-mark: 0.001/0.001 secs] [Times: user=0.00 sys=0.00, real=0.00 secs] 
2021-01-23T16:17:33.827+0800: 0.439: [CMS-concurrent-preclean-start]
2021-01-23T16:17:33.827+0800: 0.440: [CMS-concurrent-preclean: 0.000/0.000 secs] [Times: user=0.00 sys=0.00, real=0.00 secs] 
2021-01-23T16:17:33.827+0800: 0.440: [CMS-concurrent-abortable-preclean-start]
2021-01-23T16:17:33.827+0800: 0.440: [CMS-concurrent-abortable-preclean: 0.000/0.000 secs] [Times: user=0.00 sys=0.00, real=0.00 secs] 
2021-01-23T16:17:33.827+0800: 0.440: [GC (CMS Final Remark) [YG occupancy: 30869 K (157248 K)]2021-01-23T16:17:33.827+0800: 0.440: [Rescan (parallel) , 0.0003716 secs]2021-01-23T16:17:33.828+0800: 0.440: [weak refs processing, 0.0000102 secs]2021-01-23T16:17:33.828+0800: 0.440: [class unloading, 0.0001738 secs]2021-01-23T16:17:33.828+0800: 0.441: [scrub symbol table, 0.0002613 secs]2021-01-23T16:17:33.828+0800: 0.441: [scrub string table, 0.0000849 secs][1 CMS-remark: 340458K(349568K)] 371328K(506816K), 0.0009578 secs] [Times: user=0.00 sys=0.00, real=0.00 secs] 
2021-01-23T16:17:33.828+0800: 0.441: [CMS-concurrent-sweep-start]
2021-01-23T16:17:33.829+0800: 0.442: [CMS-concurrent-sweep: 0.001/0.001 secs] [Times: user=0.00 sys=0.00, real=0.00 secs] 
2021-01-23T16:17:33.829+0800: 0.442: [CMS-concurrent-reset-start]
2021-01-23T16:17:33.829+0800: 0.442: [CMS-concurrent-reset: 0.000/0.000 secs] [Times: user=0.00 sys=0.00, real=0.00 secs] 
2021-01-23T16:17:33.842+0800: 0.455: [GC (Allocation Failure) 2021-01-23T16:17:33.842+0800: 0.455: [ParNew: 157247K->17463K(157248K), 0.0087579 secs] 406940K->317662K(506816K), 0.0088125 secs] [Times: user=0.16 sys=0.00, real=0.01 secs] 
2021-01-23T16:17:33.851+0800: 0.464: [GC (CMS Initial Mark) [1 CMS-initial-mark: 300199K(349568K)] 317806K(506816K), 0.0003663 secs] [Times: user=0.00 sys=0.00, real=0.00 secs] 
2021-01-23T16:17:33.852+0800: 0.464: [CMS-concurrent-mark-start]
2021-01-23T16:17:33.853+0800: 0.465: [CMS-concurrent-mark: 0.001/0.001 secs] [Times: user=0.00 sys=0.00, real=0.00 secs] 
2021-01-23T16:17:33.853+0800: 0.465: [CMS-concurrent-preclean-start]
2021-01-23T16:17:33.853+0800: 0.466: [CMS-concurrent-preclean: 0.000/0.000 secs] [Times: user=0.00 sys=0.00, real=0.00 secs] 
2021-01-23T16:17:33.853+0800: 0.466: [CMS-concurrent-abortable-preclean-start]
2021-01-23T16:17:33.867+0800: 0.480: [GC (Allocation Failure) 2021-01-23T16:17:33.867+0800: 0.480: [ParNew: 157239K->157239K(157248K), 0.0000165 secs]2021-01-23T16:17:33.867+0800: 0.480: [CMS2021-01-23T16:17:33.867+0800: 0.480: [CMS-concurrent-abortable-preclean: 0.000/0.014 secs] [Times: user=0.02 sys=0.00, real=0.01 secs] 
 (concurrent mode failure): 300199K->295117K(349568K), 0.0341633 secs] 457438K->295117K(506816K), [Metaspace: 2722K->2722K(1056768K)], 0.0342552 secs] [Times: user=0.03 sys=0.00, real=0.03 secs] 
2021-01-23T16:17:33.918+0800: 0.531: [GC (Allocation Failure) 2021-01-23T16:17:33.918+0800: 0.531: [ParNew: 139443K->17470K(157248K), 0.0060477 secs] 434561K->340449K(506816K), 0.0061078 secs] [Times: user=0.00 sys=0.00, real=0.01 secs] 
2021-01-23T16:17:33.924+0800: 0.537: [GC (CMS Initial Mark) [1 CMS-initial-mark: 322979K(349568K)] 343933K(506816K), 0.0007725 secs] [Times: user=0.00 sys=0.00, real=0.00 secs] 
2021-01-23T16:17:33.925+0800: 0.538: [CMS-concurrent-mark-start]
2021-01-23T16:17:33.926+0800: 0.538: [CMS-concurrent-mark: 0.001/0.001 secs] [Times: user=0.00 sys=0.00, real=0.00 secs] 
2021-01-23T16:17:33.926+0800: 0.538: [CMS-concurrent-preclean-start]
2021-01-23T16:17:33.926+0800: 0.539: [CMS-concurrent-preclean: 0.000/0.000 secs] [Times: user=0.00 sys=0.00, real=0.00 secs] 
2021-01-23T16:17:33.926+0800: 0.539: [CMS-concurrent-abortable-preclean-start]
2021-01-23T16:17:33.926+0800: 0.539: [CMS-concurrent-abortable-preclean: 0.000/0.000 secs] [Times: user=0.00 sys=0.00, real=0.00 secs] 
2021-01-23T16:17:33.927+0800: 0.539: [GC (CMS Final Remark) [YG occupancy: 27464 K (157248 K)]2021-01-23T16:17:33.927+0800: 0.539: [Rescan (parallel) , 0.0005808 secs]2021-01-23T16:17:33.927+0800: 0.540: [weak refs processing, 0.0000107 secs]2021-01-23T16:17:33.927+0800: 0.540: [class unloading, 0.0001691 secs]2021-01-23T16:17:33.927+0800: 0.540: [scrub symbol table, 0.0002884 secs]2021-01-23T16:17:33.928+0800: 0.540: [scrub string table, 0.0000876 secs][1 CMS-remark: 322979K(349568K)] 350444K(506816K), 0.0011944 secs] [Times: user=0.00 sys=0.00, real=0.00 secs] 
2021-01-23T16:17:33.928+0800: 0.540: [CMS-concurrent-sweep-start]
2021-01-23T16:17:33.928+0800: 0.541: [CMS-concurrent-sweep: 0.000/0.000 secs] [Times: user=0.00 sys=0.00, real=0.00 secs] 
2021-01-23T16:17:33.928+0800: 0.541: [CMS-concurrent-reset-start]
2021-01-23T16:17:33.929+0800: 0.541: [CMS-concurrent-reset: 0.000/0.000 secs] [Times: user=0.03 sys=0.00, real=0.00 secs] 
2021-01-23T16:17:33.942+0800: 0.555: [GC (Allocation Failure) 2021-01-23T16:17:33.943+0800: 0.555: [ParNew: 157246K->17471K(157248K), 0.0085514 secs] 446227K->351576K(506816K), 0.0086203 secs] [Times: user=0.16 sys=0.00, real=0.01 secs] 
2021-01-23T16:17:33.951+0800: 0.564: [GC (CMS Initial Mark) [1 CMS-initial-mark: 334104K(349568K)] 351688K(506816K), 0.0005574 secs] [Times: user=0.00 sys=0.00, real=0.00 secs] 
2021-01-23T16:17:33.952+0800: 0.564: [CMS-concurrent-mark-start]
2021-01-23T16:17:33.953+0800: 0.565: [CMS-concurrent-mark: 0.001/0.001 secs] [Times: user=0.00 sys=0.00, real=0.00 secs] 
2021-01-23T16:17:33.953+0800: 0.565: [CMS-concurrent-preclean-start]
2021-01-23T16:17:33.953+0800: 0.566: [CMS-concurrent-preclean: 0.000/0.000 secs] [Times: user=0.00 sys=0.00, real=0.00 secs] 
2021-01-23T16:17:33.953+0800: 0.566: [CMS-concurrent-abortable-preclean-start]
2021-01-23T16:17:33.953+0800: 0.566: [CMS-concurrent-abortable-preclean: 0.000/0.000 secs] [Times: user=0.00 sys=0.00, real=0.00 secs] 
2021-01-23T16:17:33.953+0800: 0.566: [GC (CMS Final Remark) [YG occupancy: 30681 K (157248 K)]2021-01-23T16:17:33.953+0800: 0.566: [Rescan (parallel) , 0.0006200 secs]2021-01-23T16:17:33.954+0800: 0.566: [weak refs processing, 0.0000110 secs]2021-01-23T16:17:33.954+0800: 0.566: [class unloading, 0.0001739 secs]2021-01-23T16:17:33.954+0800: 0.567: [scrub symbol table, 0.0002709 secs]2021-01-23T16:17:33.954+0800: 0.567: [scrub string table, 0.0001006 secs][1 CMS-remark: 334104K(349568K)] 364786K(506816K), 0.0012365 secs] [Times: user=0.00 sys=0.00, real=0.00 secs] 
2021-01-23T16:17:33.955+0800: 0.567: [CMS-concurrent-sweep-start]
2021-01-23T16:17:33.955+0800: 0.568: [CMS-concurrent-sweep: 0.000/0.000 secs] [Times: user=0.00 sys=0.00, real=0.00 secs] 
2021-01-23T16:17:33.955+0800: 0.568: [CMS-concurrent-reset-start]
2021-01-23T16:17:33.955+0800: 0.568: [CMS-concurrent-reset: 0.000/0.000 secs] [Times: user=0.00 sys=0.00, real=0.00 secs] 
2021-01-23T16:17:33.969+0800: 0.581: [GC (Allocation Failure) 2021-01-23T16:17:33.969+0800: 0.581: [ParNew: 157247K->157247K(157248K), 0.0000159 secs]2021-01-23T16:17:33.969+0800: 0.581: [CMS: 299795K->318148K(349568K), 0.0357964 secs] 457043K->318148K(506816K), [Metaspace: 2722K->2722K(1056768K)], 0.0358821 secs] [Times: user=0.03 sys=0.00, real=0.04 secs] 
2021-01-23T16:17:34.005+0800: 0.617: [GC (CMS Initial Mark) [1 CMS-initial-mark: 318148K(349568K)] 321278K(506816K), 0.0006047 secs] [Times: user=0.00 sys=0.00, real=0.00 secs] 
2021-01-23T16:17:34.006+0800: 0.618: [CMS-concurrent-mark-start]
2021-01-23T16:17:34.006+0800: 0.619: [CMS-concurrent-mark: 0.001/0.001 secs] [Times: user=0.00 sys=0.00, real=0.00 secs] 
2021-01-23T16:17:34.007+0800: 0.619: [CMS-concurrent-preclean-start]
2021-01-23T16:17:34.007+0800: 0.619: [CMS-concurrent-preclean: 0.001/0.001 secs] [Times: user=0.00 sys=0.00, real=0.00 secs] 
2021-01-23T16:17:34.007+0800: 0.619: [CMS-concurrent-abortable-preclean-start]
2021-01-23T16:17:34.019+0800: 0.632: [GC (Allocation Failure) 2021-01-23T16:17:34.019+0800: 0.633: [ParNew: 139776K->139776K(157248K), 0.0000163 secs]2021-01-23T16:17:34.019+0800: 0.633: [CMS2021-01-23T16:17:34.019+0800: 0.633: [CMS-concurrent-abortable-preclean: 0.001/0.013 secs] [Times: user=0.00 sys=0.00, real=0.01 secs] 
 (concurrent mode failure): 318148K->329715K(349568K), 0.0352488 secs] 457924K->329715K(506816K), [Metaspace: 2722K->2722K(1056768K)], 0.0353396 secs] [Times: user=0.05 sys=0.00, real=0.04 secs] 
2021-01-23T16:17:34.070+0800: 0.683: [GC (Allocation Failure) 2021-01-23T16:17:34.070+0800: 0.683: [ParNew: 139615K->139615K(157248K), 0.0000162 secs]2021-01-23T16:17:34.070+0800: 0.683: [CMS: 329715K->338877K(349568K), 0.0358573 secs] 469331K->338877K(506816K), [Metaspace: 2722K->2722K(1056768K)], 0.0359446 secs] [Times: user=0.03 sys=0.00, real=0.04 secs] 
2021-01-23T16:17:34.106+0800: 0.719: [GC (CMS Initial Mark) [1 CMS-initial-mark: 338877K(349568K)] 342235K(506816K), 0.0004933 secs] [Times: user=0.00 sys=0.00, real=0.00 secs] 
2021-01-23T16:17:34.107+0800: 0.720: [CMS-concurrent-mark-start]
2021-01-23T16:17:34.107+0800: 0.720: [CMS-concurrent-mark: 0.001/0.001 secs] [Times: user=0.00 sys=0.00, real=0.00 secs] 
2021-01-23T16:17:34.107+0800: 0.720: [CMS-concurrent-preclean-start]
2021-01-23T16:17:34.108+0800: 0.721: [CMS-concurrent-preclean: 0.000/0.000 secs] [Times: user=0.00 sys=0.00, real=0.00 secs] 
2021-01-23T16:17:34.108+0800: 0.721: [CMS-concurrent-abortable-preclean-start]
2021-01-23T16:17:34.108+0800: 0.721: [CMS-concurrent-abortable-preclean: 0.000/0.000 secs] [Times: user=0.00 sys=0.00, real=0.00 secs] 
2021-01-23T16:17:34.108+0800: 0.721: [GC (CMS Final Remark) [YG occupancy: 16553 K (157248 K)]2021-01-23T16:17:34.108+0800: 0.721: [Rescan (parallel) , 0.0005046 secs]2021-01-23T16:17:34.109+0800: 0.721: [weak refs processing, 0.0000100 secs]2021-01-23T16:17:34.109+0800: 0.721: [class unloading, 0.0001697 secs]2021-01-23T16:17:34.109+0800: 0.722: [scrub symbol table, 0.0002524 secs]2021-01-23T16:17:34.109+0800: 0.722: [scrub string table, 0.0000837 secs][1 CMS-remark: 338877K(349568K)] 355430K(506816K), 0.0010721 secs] [Times: user=0.00 sys=0.00, real=0.00 secs] 
2021-01-23T16:17:34.109+0800: 0.722: [CMS-concurrent-sweep-start]
2021-01-23T16:17:34.110+0800: 0.723: [CMS-concurrent-sweep: 0.000/0.000 secs] [Times: user=0.00 sys=0.00, real=0.00 secs] 
2021-01-23T16:17:34.110+0800: 0.723: [CMS-concurrent-reset-start]
2021-01-23T16:17:34.110+0800: 0.723: [CMS-concurrent-reset: 0.000/0.000 secs] [Times: user=0.00 sys=0.00, real=0.00 secs] 
2021-01-23T16:17:34.123+0800: 0.736: [GC (Allocation Failure) 2021-01-23T16:17:34.123+0800: 0.736: [ParNew: 139466K->139466K(157248K), 0.0000157 secs]2021-01-23T16:17:34.123+0800: 0.736: [CMS: 338837K->346351K(349568K), 0.0374875 secs] 478303K->346351K(506816K), [Metaspace: 2722K->2722K(1056768K)], 0.0375731 secs] [Times: user=0.03 sys=0.00, real=0.04 secs] 
2021-01-23T16:17:34.161+0800: 0.774: [GC (CMS Initial Mark) [1 CMS-initial-mark: 346351K(349568K)] 349735K(506816K), 0.0006657 secs] [Times: user=0.00 sys=0.00, real=0.00 secs] 
2021-01-23T16:17:34.162+0800: 0.775: [CMS-concurrent-mark-start]
2021-01-23T16:17:34.163+0800: 0.775: [CMS-concurrent-mark: 0.001/0.001 secs] [Times: user=0.06 sys=0.00, real=0.00 secs] 
2021-01-23T16:17:34.163+0800: 0.775: [CMS-concurrent-preclean-start]
2021-01-23T16:17:34.163+0800: 0.776: [CMS-concurrent-preclean: 0.000/0.000 secs] [Times: user=0.00 sys=0.00, real=0.00 secs] 
2021-01-23T16:17:34.163+0800: 0.776: [CMS-concurrent-abortable-preclean-start]
2021-01-23T16:17:34.163+0800: 0.776: [CMS-concurrent-abortable-preclean: 0.000/0.000 secs] [Times: user=0.00 sys=0.00, real=0.00 secs] 
2021-01-23T16:17:34.163+0800: 0.776: [GC (CMS Final Remark) [YG occupancy: 16706 K (157248 K)]2021-01-23T16:17:34.163+0800: 0.776: [Rescan (parallel) , 0.0004893 secs]2021-01-23T16:17:34.164+0800: 0.777: [weak refs processing, 0.0000096 secs]2021-01-23T16:17:34.164+0800: 0.777: [class unloading, 0.0001631 secs]2021-01-23T16:17:34.164+0800: 0.777: [scrub symbol table, 0.0002520 secs]2021-01-23T16:17:34.164+0800: 0.777: [scrub string table, 0.0000839 secs][1 CMS-remark: 346351K(349568K)] 363057K(506816K), 0.0010522 secs] [Times: user=0.00 sys=0.00, real=0.00 secs] 
2021-01-23T16:17:34.164+0800: 0.777: [CMS-concurrent-sweep-start]
2021-01-23T16:17:34.165+0800: 0.778: [CMS-concurrent-sweep: 0.000/0.000 secs] [Times: user=0.00 sys=0.00, real=0.00 secs] 
2021-01-23T16:17:34.165+0800: 0.778: [CMS-concurrent-reset-start]
2021-01-23T16:17:34.165+0800: 0.778: [CMS-concurrent-reset: 0.000/0.000 secs] [Times: user=0.00 sys=0.00, real=0.00 secs] 
2021-01-23T16:17:34.178+0800: 0.790: [GC (Allocation Failure) 2021-01-23T16:17:34.178+0800: 0.790: [ParNew: 139776K->139776K(157248K), 0.0000156 secs]2021-01-23T16:17:34.178+0800: 0.791: [CMS: 346305K->349149K(349568K), 0.0371999 secs] 486081K->349149K(506816K), [Metaspace: 2722K->2722K(1056768K)], 0.0372847 secs] [Times: user=0.03 sys=0.00, real=0.04 secs] 
2021-01-23T16:17:34.215+0800: 0.828: [GC (CMS Initial Mark) [1 CMS-initial-mark: 349149K(349568K)] 353040K(506816K), 0.0004933 secs] [Times: user=0.00 sys=0.00, real=0.00 secs] 
2021-01-23T16:17:34.216+0800: 0.829: [CMS-concurrent-mark-start]
2021-01-23T16:17:34.217+0800: 0.829: [CMS-concurrent-mark: 0.001/0.001 secs] [Times: user=0.00 sys=0.00, real=0.00 secs] 
2021-01-23T16:17:34.217+0800: 0.829: [CMS-concurrent-preclean-start]
2021-01-23T16:17:34.217+0800: 0.830: [CMS-concurrent-preclean: 0.000/0.000 secs] [Times: user=0.00 sys=0.00, real=0.00 secs] 
2021-01-23T16:17:34.217+0800: 0.830: [CMS-concurrent-abortable-preclean-start]
2021-01-23T16:17:34.217+0800: 0.830: [CMS-concurrent-abortable-preclean: 0.000/0.000 secs] [Times: user=0.00 sys=0.00, real=0.00 secs] 
2021-01-23T16:17:34.217+0800: 0.830: [GC (CMS Final Remark) [YG occupancy: 21203 K (157248 K)]2021-01-23T16:17:34.217+0800: 0.830: [Rescan (parallel) , 0.0007073 secs]2021-01-23T16:17:34.218+0800: 0.831: [weak refs processing, 0.0000113 secs]2021-01-23T16:17:34.218+0800: 0.831: [class unloading, 0.0001803 secs]2021-01-23T16:17:34.218+0800: 0.831: [scrub symbol table, 0.0002855 secs]2021-01-23T16:17:34.219+0800: 0.831: [scrub string table, 0.0000957 secs][1 CMS-remark: 349149K(349568K)] 370352K(506816K), 0.0013429 secs] [Times: user=0.00 sys=0.00, real=0.00 secs] 
2021-01-23T16:17:34.219+0800: 0.831: [CMS-concurrent-sweep-start]
2021-01-23T16:17:34.219+0800: 0.832: [CMS-concurrent-sweep: 0.000/0.000 secs] [Times: user=0.00 sys=0.00, real=0.00 secs] 
2021-01-23T16:17:34.219+0800: 0.832: [CMS-concurrent-reset-start]
2021-01-23T16:17:34.220+0800: 0.832: [CMS-concurrent-reset: 0.000/0.000 secs] [Times: user=0.00 sys=0.00, real=0.00 secs] 
2021-01-23T16:17:34.232+0800: 0.844: [GC (Allocation Failure) 2021-01-23T16:17:34.232+0800: 0.844: [ParNew: 139769K->139769K(157248K), 0.0000159 secs]2021-01-23T16:17:34.232+0800: 0.844: [CMS: 346878K->349389K(349568K), 0.0373617 secs] 486647K->354728K(506816K), [Metaspace: 2722K->2722K(1056768K)], 0.0374417 secs] [Times: user=0.03 sys=0.00, real=0.04 secs] 
2021-01-23T16:17:34.270+0800: 0.882: [GC (CMS Initial Mark) [1 CMS-initial-mark: 349389K(349568K)] 357588K(506816K), 0.0006508 secs] [Times: user=0.00 sys=0.00, real=0.00 secs] 
2021-01-23T16:17:34.270+0800: 0.883: [CMS-concurrent-mark-start]
2021-01-23T16:17:34.271+0800: 0.884: [CMS-concurrent-mark: 0.001/0.001 secs] [Times: user=0.00 sys=0.00, real=0.00 secs] 
2021-01-23T16:17:34.271+0800: 0.884: [CMS-concurrent-preclean-start]
2021-01-23T16:17:34.272+0800: 0.885: [CMS-concurrent-preclean: 0.001/0.001 secs] [Times: user=0.03 sys=0.00, real=0.00 secs] 
2021-01-23T16:17:34.272+0800: 0.885: [CMS-concurrent-abortable-preclean-start]
2021-01-23T16:17:34.272+0800: 0.885: [CMS-concurrent-abortable-preclean: 0.000/0.000 secs] [Times: user=0.00 sys=0.00, real=0.00 secs] 
2021-01-23T16:17:34.272+0800: 0.885: [GC (CMS Final Remark) [YG occupancy: 22845 K (157248 K)]2021-01-23T16:17:34.272+0800: 0.885: [Rescan (parallel) , 0.0005565 secs]2021-01-23T16:17:34.273+0800: 0.885: [weak refs processing, 0.0000113 secs]2021-01-23T16:17:34.273+0800: 0.885: [class unloading, 0.0001783 secs]2021-01-23T16:17:34.273+0800: 0.885: [scrub symbol table, 0.0002708 secs]2021-01-23T16:17:34.273+0800: 0.886: [scrub string table, 0.0000860 secs][1 CMS-remark: 349389K(349568K)] 372235K(506816K), 0.0011622 secs] [Times: user=0.00 sys=0.00, real=0.00 secs] 
2021-01-23T16:17:34.274+0800: 0.886: [CMS-concurrent-sweep-start]
2021-01-23T16:17:34.274+0800: 0.886: [CMS-concurrent-sweep: 0.000/0.000 secs] [Times: user=0.00 sys=0.00, real=0.00 secs] 
2021-01-23T16:17:34.274+0800: 0.886: [CMS-concurrent-reset-start]
2021-01-23T16:17:34.274+0800: 0.887: [CMS-concurrent-reset: 0.000/0.000 secs] [Times: user=0.00 sys=0.00, real=0.00 secs] 
2021-01-23T16:17:34.288+0800: 0.900: [GC (Allocation Failure) 2021-01-23T16:17:34.288+0800: 0.900: [ParNew: 157186K->157186K(157248K), 0.0000150 secs]2021-01-23T16:17:34.288+0800: 0.900: [CMS: 349109K->349391K(349568K), 0.0371681 secs] 506295K->350943K(506816K), [Metaspace: 2722K->2722K(1056768K)], 0.0372450 secs] [Times: user=0.03 sys=0.00, real=0.04 secs] 
2021-01-23T16:17:34.325+0800: 0.938: [GC (CMS Initial Mark) [1 CMS-initial-mark: 349391K(349568K)] 354632K(506816K), 0.0005598 secs] [Times: user=0.00 sys=0.00, real=0.00 secs] 
2021-01-23T16:17:34.326+0800: 0.938: [CMS-concurrent-mark-start]
2021-01-23T16:17:34.327+0800: 0.939: [CMS-concurrent-mark: 0.001/0.001 secs] [Times: user=0.00 sys=0.00, real=0.00 secs] 
2021-01-23T16:17:34.327+0800: 0.939: [CMS-concurrent-preclean-start]
2021-01-23T16:17:34.328+0800: 0.940: [CMS-concurrent-preclean: 0.001/0.001 secs] [Times: user=0.00 sys=0.00, real=0.00 secs] 
2021-01-23T16:17:34.328+0800: 0.940: [CMS-concurrent-abortable-preclean-start]
2021-01-23T16:17:34.328+0800: 0.940: [CMS-concurrent-abortable-preclean: 0.000/0.000 secs] [Times: user=0.00 sys=0.00, real=0.00 secs] 
2021-01-23T16:17:34.328+0800: 0.940: [GC (CMS Final Remark) [YG occupancy: 25401 K (157248 K)]2021-01-23T16:17:34.328+0800: 0.940: [Rescan (parallel) , 0.0005526 secs]2021-01-23T16:17:34.329+0800: 0.941: [weak refs processing, 0.0000109 secs]2021-01-23T16:17:34.329+0800: 0.941: [class unloading, 0.0001964 secs]2021-01-23T16:17:34.329+0800: 0.941: [scrub symbol table, 0.0002691 secs]2021-01-23T16:17:34.329+0800: 0.941: [scrub string table, 0.0000870 secs][1 CMS-remark: 349391K(349568K)] 374793K(506816K), 0.0011747 secs] [Times: user=0.00 sys=0.00, real=0.00 secs] 
2021-01-23T16:17:34.329+0800: 0.942: [CMS-concurrent-sweep-start]
2021-01-23T16:17:34.330+0800: 0.942: [CMS-concurrent-sweep: 0.000/0.000 secs] [Times: user=0.00 sys=0.00, real=0.00 secs] 
2021-01-23T16:17:34.330+0800: 0.942: [CMS-concurrent-reset-start]
2021-01-23T16:17:34.330+0800: 0.942: [CMS-concurrent-reset: 0.000/0.000 secs] [Times: user=0.00 sys=0.00, real=0.00 secs] 
2021-01-23T16:17:34.344+0800: 0.956: [GC (Allocation Failure) 2021-01-23T16:17:34.344+0800: 0.956: [ParNew: 156979K->156979K(157248K), 0.0000152 secs]2021-01-23T16:17:34.344+0800: 0.956: [CMS: 347950K->349464K(349568K), 0.0373125 secs] 504929K->355393K(506816K), [Metaspace: 2722K->2722K(1056768K)], 0.0373965 secs] [Times: user=0.03 sys=0.00, real=0.04 secs] 
2021-01-23T16:17:34.382+0800: 0.994: [GC (CMS Initial Mark) [1 CMS-initial-mark: 349464K(349568K)] 355873K(506816K), 0.0006643 secs] [Times: user=0.00 sys=0.00, real=0.00 secs] 
2021-01-23T16:17:34.382+0800: 0.995: [CMS-concurrent-mark-start]
2021-01-23T16:17:34.383+0800: 0.995: [CMS-concurrent-mark: 0.001/0.001 secs] [Times: user=0.00 sys=0.00, real=0.00 secs] 
2021-01-23T16:17:34.383+0800: 0.995: [CMS-concurrent-preclean-start]
2021-01-23T16:17:34.384+0800: 0.996: [CMS-concurrent-preclean: 0.001/0.001 secs] [Times: user=0.00 sys=0.00, real=0.00 secs] 
2021-01-23T16:17:34.384+0800: 0.996: [CMS-concurrent-abortable-preclean-start]
2021-01-23T16:17:34.384+0800: 0.996: [CMS-concurrent-abortable-preclean: 0.000/0.000 secs] [Times: user=0.00 sys=0.00, real=0.00 secs] 
2021-01-23T16:17:34.384+0800: 0.997: [GC (CMS Final Remark) [YG occupancy: 29109 K (157248 K)]2021-01-23T16:17:34.384+0800: 0.997: [Rescan (parallel) , 0.0007430 secs]2021-01-23T16:17:34.385+0800: 0.997: [weak refs processing, 0.0000096 secs]2021-01-23T16:17:34.385+0800: 0.997: [class unloading, 0.0001679 secs]2021-01-23T16:17:34.385+0800: 0.998: [scrub symbol table, 0.0002939 secs]2021-01-23T16:17:34.386+0800: 0.998: [scrub string table, 0.0000855 secs][1 CMS-remark: 349464K(349568K)] 378574K(506816K), 0.0013569 secs] [Times: user=0.00 sys=0.00, real=0.00 secs] 
2021-01-23T16:17:34.386+0800: 0.998: [CMS-concurrent-sweep-start]
2021-01-23T16:17:34.386+0800: 0.998: [CMS-concurrent-sweep: 0.000/0.000 secs] [Times: user=0.00 sys=0.00, real=0.00 secs] 
2021-01-23T16:17:34.386+0800: 0.998: [CMS-concurrent-reset-start]
2021-01-23T16:17:34.386+0800: 0.999: [CMS-concurrent-reset: 0.000/0.000 secs] [Times: user=0.00 sys=0.00, real=0.00 secs] 
2021-01-23T16:17:34.401+0800: 1.013: [GC (Allocation Failure) 2021-01-23T16:17:34.401+0800: 1.013: [ParNew: 157235K->157235K(157248K), 0.0000160 secs]2021-01-23T16:17:34.401+0800: 1.013: [CMS: 348839K->349303K(349568K), 0.0388644 secs] 506075K->355690K(506816K), [Metaspace: 2722K->2722K(1056768K)], 0.0389478 secs] [Times: user=0.03 sys=0.00, real=0.04 secs] 
2021-01-23T16:17:34.439+0800: 1.053: [GC (CMS Initial Mark) [1 CMS-initial-mark: 349303K(349568K)] 358921K(506816K), 0.0006098 secs] [Times: user=0.00 sys=0.00, real=0.00 secs] 
2021-01-23T16:17:34.440+0800: 1.053: [CMS-concurrent-mark-start]
2021-01-23T16:17:34.441+0800: 1.054: [CMS-concurrent-mark: 0.001/0.001 secs] [Times: user=0.00 sys=0.00, real=0.00 secs] 
2021-01-23T16:17:34.441+0800: 1.054: [CMS-concurrent-preclean-start]
2021-01-23T16:17:34.442+0800: 1.055: [CMS-concurrent-preclean: 0.001/0.001 secs] [Times: user=0.00 sys=0.00, real=0.00 secs] 
2021-01-23T16:17:34.442+0800: 1.055: [CMS-concurrent-abortable-preclean-start]
2021-01-23T16:17:34.442+0800: 1.055: [CMS-concurrent-abortable-preclean: 0.000/0.000 secs] [Times: user=0.00 sys=0.00, real=0.00 secs] 
2021-01-23T16:17:34.442+0800: 1.055: [GC (CMS Final Remark) [YG occupancy: 27157 K (157248 K)]2021-01-23T16:17:34.442+0800: 1.055: [Rescan (parallel) , 0.0002880 secs]2021-01-23T16:17:34.442+0800: 1.055: [weak refs processing, 0.0000100 secs]2021-01-23T16:17:34.442+0800: 1.055: [class unloading, 0.0001662 secs]2021-01-23T16:17:34.443+0800: 1.056: [scrub symbol table, 0.0002510 secs]2021-01-23T16:17:34.443+0800: 1.056: [scrub string table, 0.0000841 secs][1 CMS-remark: 349303K(349568K)] 376461K(506816K), 0.0008533 secs] [Times: user=0.00 sys=0.00, real=0.00 secs] 
2021-01-23T16:17:34.443+0800: 1.056: [CMS-concurrent-sweep-start]
2021-01-23T16:17:34.443+0800: 1.057: [CMS-concurrent-sweep: 0.000/0.000 secs] [Times: user=0.00 sys=0.00, real=0.00 secs] 
2021-01-23T16:17:34.443+0800: 1.057: [CMS-concurrent-reset-start]
2021-01-23T16:17:34.444+0800: 1.057: [CMS-concurrent-reset: 0.000/0.000 secs] [Times: user=0.03 sys=0.00, real=0.00 secs] 
2021-01-23T16:17:34.458+0800: 1.071: [GC (Allocation Failure) 2021-01-23T16:17:34.458+0800: 1.071: [ParNew: 157115K->157115K(157248K), 0.0000157 secs]2021-01-23T16:17:34.458+0800: 1.071: [CMS: 348855K->349158K(349568K), 0.0381884 secs] 505971K->364289K(506816K), [Metaspace: 2722K->2722K(1056768K)], 0.0382701 secs] [Times: user=0.05 sys=0.00, real=0.04 secs] 
2021-01-23T16:17:34.497+0800: 1.110: [GC (CMS Initial Mark) [1 CMS-initial-mark: 349158K(349568K)] 367241K(506816K), 0.0005423 secs] [Times: user=0.00 sys=0.00, real=0.00 secs] 
2021-01-23T16:17:34.497+0800: 1.110: [CMS-concurrent-mark-start]
Heap
 par new generation   total 157248K, used 20878K [0x00000000e0000000, 0x00000000eaaa0000, 0x00000000eaaa0000)
  eden space 139776K,  14% used [0x00000000e0000000, 0x00000000e1463a80, 0x00000000e8880000)
  from space 17472K,   0% used [0x00000000e8880000, 0x00000000e8880000, 0x00000000e9990000)
  to   space 17472K,   0% used [0x00000000e9990000, 0x00000000e9990000, 0x00000000eaaa0000)
 concurrent mark-sweep generation total 349568K, used 349158K [0x00000000eaaa0000, 0x0000000100000000, 0x0000000100000000)
 Metaspace       used 2729K, capacity 4486K, committed 4864K, reserved 1056768K
  class space    used 297K, capacity 386K, committed 512K, reserved 1048576K
