Java HotSpot(TM) 64-Bit Server VM (25.121-b13) for windows-amd64 JRE (1.8.0_121-b13), built on Dec 12 2016 18:21:36 by "java_re" with MS VC++ 10.0 (VS2010)
Memory: 4k page, physical 16651208k(10245856k free), swap 17699784k(8326168k free)
CommandLine flags: -XX:InitialHeapSize=1073741824 -XX:MaxHeapSize=1073741824 -XX:MaxNewSize=357916672 -XX:MaxTenuringThreshold=6 -XX:NewSize=357916672 -XX:OldPLABSize=16 -XX:OldSize=715825152 -XX:+PrintGC -XX:+PrintGCDateStamps -XX:+PrintGCDetails -XX:+PrintGCTimeStamps -XX:+UseCompressedClassPointers -XX:+UseCompressedOops -XX:+UseConcMarkSweepGC -XX:-UseLargePagesIndividualAllocation -XX:+UseParNewGC 
2021-01-23T16:26:54.315+0800: 0.202: [GC (Allocation Failure) 2021-01-23T16:26:54.315+0800: 0.202: [ParNew: 279616K->34944K(314560K), 0.0107117 secs] 279616K->81128K(1013632K), 0.0108780 secs] [Times: user=0.05 sys=0.11, real=0.01 secs] 
2021-01-23T16:26:54.356+0800: 0.243: [GC (Allocation Failure) 2021-01-23T16:26:54.356+0800: 0.243: [ParNew: 314560K->34944K(314560K), 0.0151749 secs] 360744K->162656K(1013632K), 0.0152396 secs] [Times: user=0.06 sys=0.09, real=0.02 secs] 
2021-01-23T16:26:54.398+0800: 0.285: [GC (Allocation Failure) 2021-01-23T16:26:54.398+0800: 0.285: [ParNew: 314560K->34944K(314560K), 0.0380767 secs] 442272K->242209K(1013632K), 0.0381396 secs] [Times: user=0.30 sys=0.02, real=0.04 secs] 
2021-01-23T16:26:54.466+0800: 0.352: [GC (Allocation Failure) 2021-01-23T16:26:54.466+0800: 0.352: [ParNew: 314560K->34944K(314560K), 0.0385374 secs] 521825K->323787K(1013632K), 0.0385931 secs] [Times: user=0.30 sys=0.02, real=0.04 secs] 
2021-01-23T16:26:54.532+0800: 0.418: [GC (Allocation Failure) 2021-01-23T16:26:54.532+0800: 0.418: [ParNew: 314560K->34942K(314560K), 0.0377262 secs] 603403K->400786K(1013632K), 0.0377856 secs] [Times: user=0.45 sys=0.02, real=0.04 secs] 
2021-01-23T16:26:54.569+0800: 0.456: [GC (CMS Initial Mark) [1 CMS-initial-mark: 365844K(699072K)] 407039K(1013632K), 0.0004836 secs] [Times: user=0.00 sys=0.00, real=0.00 secs] 
2021-01-23T16:26:54.570+0800: 0.457: [CMS-concurrent-mark-start]
2021-01-23T16:26:54.571+0800: 0.459: [CMS-concurrent-mark: 0.002/0.002 secs] [Times: user=0.00 sys=0.00, real=0.00 secs] 
2021-01-23T16:26:54.572+0800: 0.459: [CMS-concurrent-preclean-start]
2021-01-23T16:26:54.572+0800: 0.460: [CMS-concurrent-preclean: 0.001/0.001 secs] [Times: user=0.00 sys=0.00, real=0.00 secs] 
2021-01-23T16:26:54.572+0800: 0.460: [CMS-concurrent-abortable-preclean-start]
2021-01-23T16:26:54.597+0800: 0.485: [GC (Allocation Failure) 2021-01-23T16:26:54.597+0800: 0.485: [ParNew: 314558K->34942K(314560K), 0.0419003 secs] 680402K->485436K(1013632K), 0.0420025 secs] [Times: user=0.42 sys=0.05, real=0.04 secs] 
2021-01-23T16:26:54.667+0800: 0.554: [GC (Allocation Failure) 2021-01-23T16:26:54.667+0800: 0.554: [ParNew: 314558K->34942K(314560K), 0.0420931 secs] 765052K->568688K(1013632K), 0.0421742 secs] [Times: user=0.33 sys=0.00, real=0.04 secs] 
2021-01-23T16:26:54.738+0800: 0.625: [GC (Allocation Failure) 2021-01-23T16:26:54.738+0800: 0.625: [ParNew: 314558K->34943K(314560K), 0.0403825 secs] 848304K->653066K(1013632K), 0.0404388 secs] [Times: user=0.45 sys=0.01, real=0.04 secs] 
2021-01-23T16:26:54.807+0800: 0.694: [GC (Allocation Failure) 2021-01-23T16:26:54.807+0800: 0.694: [ParNew: 314559K->314559K(314560K), 0.0000150 secs]2021-01-23T16:26:54.807+0800: 0.694: [CMS2021-01-23T16:26:54.807+0800: 0.694: [CMS-concurrent-abortable-preclean: 0.007/0.234 secs] [Times: user=1.30 sys=0.06, real=0.23 secs] 
 (concurrent mode failure): 618123K->341505K(699072K), 0.0386543 secs] 932682K->341505K(1013632K), [Metaspace: 2723K->2723K(1056768K)], 0.0387367 secs] [Times: user=0.03 sys=0.00, real=0.04 secs] 
2021-01-23T16:26:54.874+0800: 0.760: [GC (Allocation Failure) 2021-01-23T16:26:54.874+0800: 0.760: [ParNew: 279616K->34943K(314560K), 0.0108767 secs] 621121K->431881K(1013632K), 0.0109335 secs] [Times: user=0.16 sys=0.00, real=0.01 secs] 
2021-01-23T16:26:54.885+0800: 0.771: [GC (CMS Initial Mark) [1 CMS-initial-mark: 396938K(699072K)] 437796K(1013632K), 0.0004726 secs] [Times: user=0.00 sys=0.00, real=0.00 secs] 
2021-01-23T16:26:54.885+0800: 0.772: [CMS-concurrent-mark-start]
2021-01-23T16:26:54.887+0800: 0.773: [CMS-concurrent-mark: 0.001/0.001 secs] [Times: user=0.00 sys=0.00, real=0.00 secs] 
2021-01-23T16:26:54.887+0800: 0.773: [CMS-concurrent-preclean-start]
2021-01-23T16:26:54.887+0800: 0.774: [CMS-concurrent-preclean: 0.001/0.001 secs] [Times: user=0.00 sys=0.00, real=0.00 secs] 
2021-01-23T16:26:54.887+0800: 0.774: [CMS-concurrent-abortable-preclean-start]
2021-01-23T16:26:54.913+0800: 0.799: [GC (Allocation Failure) 2021-01-23T16:26:54.913+0800: 0.799: [ParNew: 314559K->34943K(314560K), 0.0143222 secs] 711497K->514789K(1013632K), 0.0143908 secs] [Times: user=0.00 sys=0.00, real=0.01 secs] 
2021-01-23T16:26:54.954+0800: 0.840: [GC (Allocation Failure) 2021-01-23T16:26:54.954+0800: 0.840: [ParNew: 314559K->34942K(314560K), 0.0139696 secs] 794405K->599016K(1013632K), 0.0140303 secs] [Times: user=0.16 sys=0.00, real=0.01 secs] 
2021-01-23T16:26:54.995+0800: 0.882: [GC (Allocation Failure) 2021-01-23T16:26:54.995+0800: 0.882: [ParNew: 314558K->34943K(314560K), 0.0226916 secs] 878632K->680475K(1013632K), 0.0227526 secs] [Times: user=0.16 sys=0.00, real=0.02 secs] 
2021-01-23T16:26:55.019+0800: 0.906: [CMS-concurrent-abortable-preclean: 0.006/0.132 secs] [Times: user=0.41 sys=0.00, real=0.13 secs] 
2021-01-23T16:26:55.019+0800: 0.906: [GC (CMS Final Remark) [YG occupancy: 54388 K (314560 K)]2021-01-23T16:26:55.019+0800: 0.906: [Rescan (parallel) , 0.0005812 secs]2021-01-23T16:26:55.020+0800: 0.906: [weak refs processing, 0.0000111 secs]2021-01-23T16:26:55.020+0800: 0.907: [class unloading, 0.0001938 secs]2021-01-23T16:26:55.020+0800: 0.907: [scrub symbol table, 0.0002722 secs]2021-01-23T16:26:55.020+0800: 0.907: [scrub string table, 0.0000861 secs][1 CMS-remark: 645531K(699072K)] 699920K(1013632K), 0.0012025 secs] [Times: user=0.00 sys=0.00, real=0.00 secs] 
2021-01-23T16:26:55.020+0800: 0.907: [CMS-concurrent-sweep-start]
2021-01-23T16:26:55.021+0800: 0.908: [CMS-concurrent-sweep: 0.001/0.001 secs] [Times: user=0.00 sys=0.00, real=0.00 secs] 
2021-01-23T16:26:55.021+0800: 0.908: [CMS-concurrent-reset-start]
2021-01-23T16:26:55.022+0800: 0.909: [CMS-concurrent-reset: 0.000/0.000 secs] [Times: user=0.03 sys=0.00, real=0.00 secs] 
2021-01-23T16:26:55.046+0800: 0.933: [GC (Allocation Failure) 2021-01-23T16:26:55.046+0800: 0.933: [ParNew: 314559K->34943K(314560K), 0.0147214 secs] 873739K->678543K(1013632K), 0.0147827 secs] [Times: user=0.16 sys=0.00, real=0.02 secs] 
2021-01-23T16:26:55.061+0800: 0.948: [GC (CMS Initial Mark) [1 CMS-initial-mark: 643600K(699072K)] 684391K(1013632K), 0.0007402 secs] [Times: user=0.00 sys=0.00, real=0.00 secs] 
2021-01-23T16:26:55.062+0800: 0.949: [CMS-concurrent-mark-start]
2021-01-23T16:26:55.063+0800: 0.950: [CMS-concurrent-mark: 0.001/0.001 secs] [Times: user=0.00 sys=0.00, real=0.00 secs] 
2021-01-23T16:26:55.063+0800: 0.950: [CMS-concurrent-preclean-start]
2021-01-23T16:26:55.064+0800: 0.951: [CMS-concurrent-preclean: 0.001/0.001 secs] [Times: user=0.00 sys=0.00, real=0.00 secs] 
2021-01-23T16:26:55.064+0800: 0.951: [CMS-concurrent-abortable-preclean-start]
2021-01-23T16:26:55.064+0800: 0.951: [CMS-concurrent-abortable-preclean: 0.000/0.000 secs] [Times: user=0.00 sys=0.00, real=0.00 secs] 
2021-01-23T16:26:55.064+0800: 0.951: [GC (CMS Final Remark) [YG occupancy: 66899 K (314560 K)]2021-01-23T16:26:55.064+0800: 0.951: [Rescan (parallel) , 0.0005422 secs]2021-01-23T16:26:55.065+0800: 0.952: [weak refs processing, 0.0000108 secs]2021-01-23T16:26:55.065+0800: 0.952: [class unloading, 0.0001729 secs]2021-01-23T16:26:55.065+0800: 0.952: [scrub symbol table, 0.0002533 secs]2021-01-23T16:26:55.065+0800: 0.952: [scrub string table, 0.0000845 secs][1 CMS-remark: 643600K(699072K)] 710499K(1013632K), 0.0011222 secs] [Times: user=0.00 sys=0.00, real=0.00 secs] 
2021-01-23T16:26:55.066+0800: 0.953: [CMS-concurrent-sweep-start]
2021-01-23T16:26:55.067+0800: 0.954: [CMS-concurrent-sweep: 0.001/0.001 secs] [Times: user=0.00 sys=0.00, real=0.00 secs] 
2021-01-23T16:26:55.067+0800: 0.954: [CMS-concurrent-reset-start]
2021-01-23T16:26:55.067+0800: 0.954: [CMS-concurrent-reset: 0.000/0.000 secs] [Times: user=0.00 sys=0.00, real=0.00 secs] 
2021-01-23T16:26:55.091+0800: 0.978: [GC (Allocation Failure) 2021-01-23T16:26:55.091+0800: 0.978: [ParNew: 314559K->34943K(314560K), 0.0144359 secs] 651478K->453743K(1013632K), 0.0144988 secs] [Times: user=0.16 sys=0.00, real=0.01 secs] 
2021-01-23T16:26:55.106+0800: 0.993: [GC (CMS Initial Mark) [1 CMS-initial-mark: 418800K(699072K)] 460477K(1013632K), 0.0006960 secs] [Times: user=0.00 sys=0.00, real=0.00 secs] 
2021-01-23T16:26:55.107+0800: 0.993: [CMS-concurrent-mark-start]
2021-01-23T16:26:55.108+0800: 0.994: [CMS-concurrent-mark: 0.001/0.001 secs] [Times: user=0.00 sys=0.00, real=0.00 secs] 
2021-01-23T16:26:55.108+0800: 0.994: [CMS-concurrent-preclean-start]
2021-01-23T16:26:55.108+0800: 0.995: [CMS-concurrent-preclean: 0.001/0.001 secs] [Times: user=0.00 sys=0.00, real=0.00 secs] 
2021-01-23T16:26:55.108+0800: 0.995: [CMS-concurrent-abortable-preclean-start]
2021-01-23T16:26:55.137+0800: 1.023: [GC (Allocation Failure) 2021-01-23T16:26:55.137+0800: 1.023: [ParNew: 314559K->34943K(314560K), 0.0141909 secs] 733359K->526419K(1013632K), 0.0142539 secs] [Times: user=0.13 sys=0.00, real=0.01 secs] 
2021-01-23T16:26:55.180+0800: 1.066: [GC (Allocation Failure) 2021-01-23T16:26:55.180+0800: 1.066: [ParNew: 314150K->34942K(314560K), 0.0134343 secs] 805626K->599819K(1013632K), 0.0134980 secs] [Times: user=0.00 sys=0.00, real=0.01 secs] 
Heap
 par new generation   total 314560K, used 46746K [0x00000000c0000000, 0x00000000d5550000, 0x00000000d5550000)
  eden space 279616K,   4% used [0x00000000c0000000, 0x00000000c0b87030, 0x00000000d1110000)
  from space 34944K,  99% used [0x00000000d1110000, 0x00000000d332f900, 0x00000000d3330000)
  to   space 34944K,   0% used [0x00000000d3330000, 0x00000000d3330000, 0x00000000d5550000)
 concurrent mark-sweep generation total 699072K, used 564877K [0x00000000d5550000, 0x0000000100000000, 0x0000000100000000)
 Metaspace       used 2729K, capacity 4486K, committed 4864K, reserved 1056768K
  class space    used 297K, capacity 386K, committed 512K, reserved 1048576K
