Java HotSpot(TM) 64-Bit Server VM (25.121-b13) for windows-amd64 JRE (1.8.0_121-b13), built on Dec 12 2016 18:21:36 by "java_re" with MS VC++ 10.0 (VS2010)
Memory: 4k page, physical 16651208k(10125744k free), swap 17699784k(8723076k free)
CommandLine flags: -XX:InitialHeapSize=134217728 -XX:MaxHeapSize=134217728 -XX:+PrintGC -XX:+PrintGCDateStamps -XX:+PrintGCDetails -XX:+PrintGCTimeStamps -XX:+UseCompressedClassPointers -XX:+UseCompressedOops -XX:-UseLargePagesIndividualAllocation -XX:+UseParallelGC 
2021-01-23T15:06:10.779+0800: 0.090: [GC (Allocation Failure) [PSYoungGen: 33280K->5105K(38400K)] 33280K->13410K(125952K), 0.0023561 secs] [Times: user=0.00 sys=0.00, real=0.00 secs] 
2021-01-23T15:06:10.789+0800: 0.100: [GC (Allocation Failure) [PSYoungGen: 37895K->5103K(38400K)] 46200K->27007K(125952K), 0.0029184 secs] [Times: user=0.00 sys=0.00, real=0.00 secs] 
2021-01-23T15:06:10.797+0800: 0.108: [GC (Allocation Failure) [PSYoungGen: 38383K->5106K(38400K)] 60287K->36451K(125952K), 0.0027402 secs] [Times: user=0.00 sys=0.00, real=0.00 secs] 
2021-01-23T15:06:10.804+0800: 0.115: [GC (Allocation Failure) [PSYoungGen: 37936K->5119K(38400K)] 69281K->51437K(125952K), 0.0034022 secs] [Times: user=0.00 sys=0.00, real=0.00 secs] 
2021-01-23T15:06:10.812+0800: 0.123: [GC (Allocation Failure) [PSYoungGen: 38399K->5107K(38400K)] 84717K->63348K(125952K), 0.0029202 secs] [Times: user=0.00 sys=0.00, real=0.00 secs] 
2021-01-23T15:06:10.820+0800: 0.131: [GC (Allocation Failure) [PSYoungGen: 38125K->5107K(19968K)] 96366K->72812K(107520K), 0.0029033 secs] [Times: user=0.00 sys=0.00, real=0.00 secs] 
2021-01-23T15:06:10.826+0800: 0.136: [GC (Allocation Failure) [PSYoungGen: 19910K->7963K(29184K)] 87615K->77108K(116736K), 0.0018411 secs] [Times: user=0.00 sys=0.00, real=0.00 secs] 
2021-01-23T15:06:10.830+0800: 0.141: [GC (Allocation Failure) [PSYoungGen: 22809K->8777K(29184K)] 91954K->80315K(116736K), 0.0019497 secs] [Times: user=0.00 sys=0.00, real=0.00 secs] 
2021-01-23T15:06:10.832+0800: 0.143: [Full GC (Ergonomics) [PSYoungGen: 8777K->0K(29184K)] [ParOldGen: 71537K->72412K(87552K)] 80315K->72412K(116736K), [Metaspace: 2723K->2723K(1056768K)], 0.0100990 secs] [Times: user=0.02 sys=0.00, real=0.01 secs] 
2021-01-23T15:06:10.845+0800: 0.155: [GC (Allocation Failure) [PSYoungGen: 14647K->4255K(29184K)] 87060K->76667K(116736K), 0.0014251 secs] [Times: user=0.00 sys=0.00, real=0.00 secs] 
2021-01-23T15:06:10.846+0800: 0.157: [Full GC (Ergonomics) [PSYoungGen: 4255K->0K(29184K)] [ParOldGen: 72412K->75270K(87552K)] 76667K->75270K(116736K), [Metaspace: 2723K->2723K(1056768K)], 0.0082468 secs] [Times: user=0.16 sys=0.00, real=0.01 secs] 
2021-01-23T15:06:10.857+0800: 0.168: [Full GC (Ergonomics) [PSYoungGen: 14770K->0K(29184K)] [ParOldGen: 75270K->79529K(87552K)] 90040K->79529K(116736K), [Metaspace: 2723K->2723K(1056768K)], 0.0085817 secs] [Times: user=0.02 sys=0.00, real=0.01 secs] 
2021-01-23T15:06:10.868+0800: 0.178: [Full GC (Ergonomics) [PSYoungGen: 14839K->0K(29184K)] [ParOldGen: 79529K->84314K(87552K)] 94369K->84314K(116736K), [Metaspace: 2723K->2723K(1056768K)], 0.0077107 secs] [Times: user=0.00 sys=0.00, real=0.01 secs] 
2021-01-23T15:06:10.878+0800: 0.189: [Full GC (Ergonomics) [PSYoungGen: 14704K->580K(29184K)] [ParOldGen: 84314K->87431K(87552K)] 99019K->88011K(116736K), [Metaspace: 2723K->2723K(1056768K)], 0.0066538 secs] [Times: user=0.17 sys=0.00, real=0.01 secs] 
2021-01-23T15:06:10.887+0800: 0.198: [Full GC (Ergonomics) [PSYoungGen: 14838K->5624K(29184K)] [ParOldGen: 87431K->87199K(87552K)] 102269K->92824K(116736K), [Metaspace: 2723K->2723K(1056768K)], 0.0074260 secs] [Times: user=0.00 sys=0.00, real=0.01 secs] 
2021-01-23T15:06:10.897+0800: 0.208: [Full GC (Ergonomics) [PSYoungGen: 14769K->7061K(29184K)] [ParOldGen: 87199K->87480K(87552K)] 101969K->94542K(116736K), [Metaspace: 2723K->2723K(1056768K)], 0.0092214 secs] [Times: user=0.06 sys=0.02, real=0.01 secs] 
2021-01-23T15:06:10.908+0800: 0.218: [Full GC (Ergonomics) [PSYoungGen: 14625K->9720K(29184K)] [ParOldGen: 87480K->87391K(87552K)] 102106K->97112K(116736K), [Metaspace: 2723K->2723K(1056768K)], 0.0072224 secs] [Times: user=0.16 sys=0.00, real=0.01 secs] 
2021-01-23T15:06:10.915+0800: 0.226: [Full GC (Ergonomics) [PSYoungGen: 14200K->11292K(29184K)] [ParOldGen: 87391K->86999K(87552K)] 101591K->98292K(116736K), [Metaspace: 2723K->2723K(1056768K)], 0.0053600 secs] [Times: user=0.00 sys=0.00, real=0.01 secs] 
2021-01-23T15:06:10.921+0800: 0.232: [Full GC (Ergonomics) [PSYoungGen: 14828K->10773K(29184K)] [ParOldGen: 86999K->87517K(87552K)] 101827K->98291K(116736K), [Metaspace: 2723K->2723K(1056768K)], 0.0052330 secs] [Times: user=0.00 sys=0.00, real=0.01 secs] 
2021-01-23T15:06:10.927+0800: 0.238: [Full GC (Ergonomics) [PSYoungGen: 14793K->11878K(29184K)] [ParOldGen: 87517K->87423K(87552K)] 102310K->99302K(116736K), [Metaspace: 2723K->2723K(1056768K)], 0.0066898 secs] [Times: user=0.02 sys=0.00, real=0.01 secs] 
2021-01-23T15:06:10.934+0800: 0.245: [Full GC (Ergonomics) [PSYoungGen: 14773K->13892K(29184K)] [ParOldGen: 87423K->86981K(87552K)] 102197K->100873K(116736K), [Metaspace: 2723K->2723K(1056768K)], 0.0085587 secs] [Times: user=0.00 sys=0.00, real=0.01 secs] 
2021-01-23T15:06:10.943+0800: 0.254: [Full GC (Ergonomics) [PSYoungGen: 14685K->13892K(29184K)] [ParOldGen: 86981K->86981K(87552K)] 101666K->100873K(116736K), [Metaspace: 2723K->2723K(1056768K)], 0.0019308 secs] [Times: user=0.01 sys=0.00, real=0.00 secs] 
2021-01-23T15:06:10.945+0800: 0.256: [Full GC (Ergonomics) [PSYoungGen: 14660K->13806K(29184K)] [ParOldGen: 86981K->86981K(87552K)] 101642K->100787K(116736K), [Metaspace: 2723K->2723K(1056768K)], 0.0018012 secs] [Times: user=0.00 sys=0.00, real=0.00 secs] 
2021-01-23T15:06:10.947+0800: 0.258: [Full GC (Ergonomics) [PSYoungGen: 14840K->14359K(29184K)] [ParOldGen: 86981K->86956K(87552K)] 101822K->101316K(116736K), [Metaspace: 2723K->2723K(1056768K)], 0.0032153 secs] [Times: user=0.00 sys=0.00, real=0.00 secs] 
2021-01-23T15:06:10.950+0800: 0.262: [Full GC (Ergonomics) [PSYoungGen: 14772K->14359K(29184K)] [ParOldGen: 86956K->86956K(87552K)] 101729K->101316K(116736K), [Metaspace: 2723K->2723K(1056768K)], 0.0017539 secs] [Times: user=0.00 sys=0.00, real=0.00 secs] 
2021-01-23T15:06:10.952+0800: 0.264: [Full GC (Ergonomics) [PSYoungGen: 14668K->14359K(29184K)] [ParOldGen: 86956K->86956K(87552K)] 101625K->101316K(116736K), [Metaspace: 2723K->2723K(1056768K)], 0.0013050 secs] [Times: user=0.00 sys=0.00, real=0.00 secs] 
2021-01-23T15:06:10.954+0800: 0.265: [Full GC (Ergonomics) [PSYoungGen: 14845K->14359K(29184K)] [ParOldGen: 86956K->86956K(87552K)] 101802K->101316K(116736K), [Metaspace: 2723K->2723K(1056768K)], 0.0014365 secs] [Times: user=0.00 sys=0.00, real=0.00 secs] 
2021-01-23T15:06:10.955+0800: 0.267: [Full GC (Ergonomics) [PSYoungGen: 14789K->14359K(29184K)] [ParOldGen: 86956K->86956K(87552K)] 101746K->101316K(116736K), [Metaspace: 2723K->2723K(1056768K)], 0.0013337 secs] [Times: user=0.00 sys=0.00, real=0.00 secs] 
2021-01-23T15:06:10.957+0800: 0.268: [Full GC (Ergonomics) [PSYoungGen: 14842K->14394K(29184K)] [ParOldGen: 86956K->86956K(87552K)] 101798K->101351K(116736K), [Metaspace: 2723K->2723K(1056768K)], 0.0014471 secs] [Times: user=0.00 sys=0.00, real=0.00 secs] 
2021-01-23T15:06:10.959+0800: 0.270: [Full GC (Ergonomics) [PSYoungGen: 14801K->14565K(29184K)] [ParOldGen: 86956K->86956K(87552K)] 101758K->101522K(116736K), [Metaspace: 2723K->2723K(1056768K)], 0.0014521 secs] [Times: user=0.00 sys=0.00, real=0.00 secs] 
2021-01-23T15:06:10.960+0800: 0.272: [Full GC (Ergonomics) [PSYoungGen: 14722K->14637K(29184K)] [ParOldGen: 86956K->86956K(87552K)] 101679K->101594K(116736K), [Metaspace: 2723K->2723K(1056768K)], 0.0012419 secs] [Times: user=0.00 sys=0.00, real=0.00 secs] 
2021-01-23T15:06:10.962+0800: 0.273: [Full GC (Ergonomics) [PSYoungGen: 14814K->14511K(29184K)] [ParOldGen: 86956K->86956K(87552K)] 101771K->101468K(116736K), [Metaspace: 2723K->2723K(1056768K)], 0.0011654 secs] [Times: user=0.00 sys=0.00, real=0.00 secs] 
2021-01-23T15:06:10.963+0800: 0.274: [Full GC (Ergonomics) [PSYoungGen: 14722K->14565K(29184K)] [ParOldGen: 86956K->86956K(87552K)] 101679K->101522K(116736K), [Metaspace: 2723K->2723K(1056768K)], 0.0011137 secs] [Times: user=0.00 sys=0.00, real=0.00 secs] 
2021-01-23T15:06:10.964+0800: 0.276: [Full GC (Ergonomics) [PSYoungGen: 14827K->14493K(29184K)] [ParOldGen: 86956K->86956K(87552K)] 101784K->101450K(116736K), [Metaspace: 2723K->2723K(1056768K)], 0.0011231 secs] [Times: user=0.00 sys=0.00, real=0.00 secs] 
2021-01-23T15:06:10.965+0800: 0.277: [Full GC (Ergonomics) [PSYoungGen: 14677K->14595K(29184K)] [ParOldGen: 86956K->86956K(87552K)] 101633K->101552K(116736K), [Metaspace: 2723K->2723K(1056768K)], 0.0011422 secs] [Times: user=0.00 sys=0.00, real=0.00 secs] 
2021-01-23T15:06:10.967+0800: 0.278: [Full GC (Ergonomics) [PSYoungGen: 14806K->14732K(29184K)] [ParOldGen: 87502K->87430K(87552K)] 102309K->102163K(116736K), [Metaspace: 2723K->2723K(1056768K)], 0.0011208 secs] [Times: user=0.00 sys=0.00, real=0.00 secs] 
2021-01-23T15:06:10.968+0800: 0.279: [Full GC (Allocation Failure) [PSYoungGen: 14732K->14732K(29184K)] [ParOldGen: 87430K->87411K(87552K)] 102163K->102144K(116736K), [Metaspace: 2723K->2723K(1056768K)], 0.0128479 secs] [Times: user=0.16 sys=0.00, real=0.01 secs] 
2021-01-23T15:06:10.981+0800: 0.292: [Full GC (Ergonomics) [PSYoungGen: 14808K->14768K(29184K)] [ParOldGen: 87535K->87267K(87552K)] 102343K->102036K(116736K), [Metaspace: 2723K->2723K(1056768K)], 0.0016556 secs] [Times: user=0.00 sys=0.00, real=0.00 secs] 
2021-01-23T15:06:10.983+0800: 0.294: [Full GC (Ergonomics) [PSYoungGen: 14840K->14804K(29184K)] [ParOldGen: 87267K->87267K(87552K)] 102108K->102072K(116736K), [Metaspace: 2723K->2723K(1056768K)], 0.0014033 secs] [Times: user=0.00 sys=0.00, real=0.00 secs] 
2021-01-23T15:06:10.984+0800: 0.296: [Full GC (Ergonomics) [PSYoungGen: 14804K->14732K(29184K)] [ParOldGen: 87411K->87411K(87552K)] 102216K->102144K(116736K), [Metaspace: 2723K->2723K(1056768K)], 0.0012017 secs] [Times: user=0.00 sys=0.00, real=0.00 secs] 
2021-01-23T15:06:10.986+0800: 0.297: [Full GC (Allocation Failure) [PSYoungGen: 14732K->14732K(29184K)] [ParOldGen: 87411K->87411K(87552K)] 102144K->102144K(116736K), [Metaspace: 2723K->2723K(1056768K)], 0.0010743 secs] [Times: user=0.00 sys=0.00, real=0.00 secs] 
Heap
 PSYoungGen      total 29184K, used 14848K [0x00000000fd580000, 0x0000000100000000, 0x0000000100000000)
  eden space 14848K, 100% used [0x00000000fd580000,0x00000000fe400000,0x00000000fe400000)
  from space 14336K, 0% used [0x00000000fe400000,0x00000000fe400000,0x00000000ff200000)
  to   space 14336K, 0% used [0x00000000ff200000,0x00000000ff200000,0x0000000100000000)
 ParOldGen       total 87552K, used 87411K [0x00000000f8000000, 0x00000000fd580000, 0x00000000fd580000)
  object space 87552K, 99% used [0x00000000f8000000,0x00000000fd55cef8,0x00000000fd580000)
 Metaspace       used 2754K, capacity 4486K, committed 4864K, reserved 1056768K
  class space    used 300K, capacity 386K, committed 512K, reserved 1048576K
